Archive member included because of file (symbol)

c:/development/imt_sdk_win_64/winavr/bin/../lib/gcc/avr/4.3.3/avr5\libgcc.a(_mulsi3.o)
                              ./APP/Master_private.o (__mulsi3)
c:/development/imt_sdk_win_64/winavr/bin/../lib/gcc/avr/4.3.3/avr5\libgcc.a(_udivmodsi4.o)
                              ./HAL/LCD/LCD_progam.o (__udivmodsi4)
c:/development/imt_sdk_win_64/winavr/bin/../lib/gcc/avr/4.3.3/avr5\libgcc.a(_exit.o)
                              c:/development/imt_sdk_win_64/winavr/bin/../lib/gcc/avr/4.3.3/../../../../avr/lib/avr5/crtm32.o (exit)
c:/development/imt_sdk_win_64/winavr/bin/../lib/gcc/avr/4.3.3/avr5\libgcc.a(_copy_data.o)
                              ./MCAL/DIO/DIO_Program.o (__do_copy_data)
c:/development/imt_sdk_win_64/winavr/bin/../lib/gcc/avr/4.3.3/avr5\libgcc.a(_clear_bss.o)
                              ./MCAL/UART/UART_program.o (__do_clear_bss)
c:/development/imt_sdk_win_64/winavr/bin/../lib/gcc/avr/4.3.3/avr5\libgcc.a(_fixunssfsi.o)
                              ./HAL/Stepper_Motor/StepperMotor_Program.o (__fixunssfsi)
c:/development/imt_sdk_win_64/winavr/bin/../lib/gcc/avr/4.3.3/avr5\libgcc.a(_addsub_sf.o)
                              ./HAL/LCD/LCD_progam.o (__subsf3)
c:/development/imt_sdk_win_64/winavr/bin/../lib/gcc/avr/4.3.3/avr5\libgcc.a(_mul_sf.o)
                              ./HAL/Stepper_Motor/StepperMotor_Program.o (__mulsf3)
c:/development/imt_sdk_win_64/winavr/bin/../lib/gcc/avr/4.3.3/avr5\libgcc.a(_div_sf.o)
                              ./HAL/LDR/LDR_program.o (__divsf3)
c:/development/imt_sdk_win_64/winavr/bin/../lib/gcc/avr/4.3.3/avr5\libgcc.a(_gt_sf.o)
                              ./HAL/Stepper_Motor/StepperMotor_Program.o (__gtsf2)
c:/development/imt_sdk_win_64/winavr/bin/../lib/gcc/avr/4.3.3/avr5\libgcc.a(_ge_sf.o)
                              ./HAL/LDR/LDR_program.o (__gesf2)
c:/development/imt_sdk_win_64/winavr/bin/../lib/gcc/avr/4.3.3/avr5\libgcc.a(_lt_sf.o)
                              ./HAL/Stepper_Motor/StepperMotor_Program.o (__ltsf2)
c:/development/imt_sdk_win_64/winavr/bin/../lib/gcc/avr/4.3.3/avr5\libgcc.a(_si_to_sf.o)
                              ./HAL/LCD/LCD_progam.o (__floatsisf)
c:/development/imt_sdk_win_64/winavr/bin/../lib/gcc/avr/4.3.3/avr5\libgcc.a(_sf_to_si.o)
                              ./HAL/LCD/LCD_progam.o (__fixsfsi)
c:/development/imt_sdk_win_64/winavr/bin/../lib/gcc/avr/4.3.3/avr5\libgcc.a(_thenan_sf.o)
                              c:/development/imt_sdk_win_64/winavr/bin/../lib/gcc/avr/4.3.3/avr5\libgcc.a(_addsub_sf.o) (__thenan_sf)
c:/development/imt_sdk_win_64/winavr/bin/../lib/gcc/avr/4.3.3/avr5\libgcc.a(_usi_to_sf.o)
                              ./HAL/LDR/LDR_program.o (__floatunsisf)
c:/development/imt_sdk_win_64/winavr/bin/../lib/gcc/avr/4.3.3/avr5\libgcc.a(_prologue.o)
                              c:/development/imt_sdk_win_64/winavr/bin/../lib/gcc/avr/4.3.3/avr5\libgcc.a(_addsub_sf.o) (__prologue_saves__)
c:/development/imt_sdk_win_64/winavr/bin/../lib/gcc/avr/4.3.3/avr5\libgcc.a(_epilogue.o)
                              c:/development/imt_sdk_win_64/winavr/bin/../lib/gcc/avr/4.3.3/avr5\libgcc.a(_addsub_sf.o) (__epilogue_restores__)
c:/development/imt_sdk_win_64/winavr/bin/../lib/gcc/avr/4.3.3/avr5\libgcc.a(_clzsi2.o)
                              c:/development/imt_sdk_win_64/winavr/bin/../lib/gcc/avr/4.3.3/avr5\libgcc.a(_si_to_sf.o) (__clzsi2)
c:/development/imt_sdk_win_64/winavr/bin/../lib/gcc/avr/4.3.3/avr5\libgcc.a(_pack_sf.o)
                              c:/development/imt_sdk_win_64/winavr/bin/../lib/gcc/avr/4.3.3/avr5\libgcc.a(_addsub_sf.o) (__pack_f)
c:/development/imt_sdk_win_64/winavr/bin/../lib/gcc/avr/4.3.3/avr5\libgcc.a(_unpack_sf.o)
                              c:/development/imt_sdk_win_64/winavr/bin/../lib/gcc/avr/4.3.3/avr5\libgcc.a(_addsub_sf.o) (__unpack_f)
c:/development/imt_sdk_win_64/winavr/bin/../lib/gcc/avr/4.3.3/avr5\libgcc.a(_fpcmp_parts_sf.o)
                              c:/development/imt_sdk_win_64/winavr/bin/../lib/gcc/avr/4.3.3/avr5\libgcc.a(_gt_sf.o) (__fpcmp_parts_f)
c:/development/imt_sdk_win_64/winavr/bin/../lib/gcc/avr/4.3.3/avr5\libgcc.a(_clz.o)
                              c:/development/imt_sdk_win_64/winavr/bin/../lib/gcc/avr/4.3.3/avr5\libgcc.a(_clzsi2.o) (__clz_tab)
c:/development/imt_sdk_win_64/winavr/bin/../lib/gcc/avr/4.3.3/../../../../avr/lib/avr5\libc.a(snprintf.o)
                              ./HAL/LCD/LCD_progam.o (snprintf)
c:/development/imt_sdk_win_64/winavr/bin/../lib/gcc/avr/4.3.3/../../../../avr/lib/avr5\libc.a(vfprintf_std.o)
                              c:/development/imt_sdk_win_64/winavr/bin/../lib/gcc/avr/4.3.3/../../../../avr/lib/avr5\libc.a(snprintf.o) (vfprintf)
c:/development/imt_sdk_win_64/winavr/bin/../lib/gcc/avr/4.3.3/../../../../avr/lib/avr5\libc.a(strnlen_P.o)
                              c:/development/imt_sdk_win_64/winavr/bin/../lib/gcc/avr/4.3.3/../../../../avr/lib/avr5\libc.a(vfprintf_std.o) (strnlen_P)
c:/development/imt_sdk_win_64/winavr/bin/../lib/gcc/avr/4.3.3/../../../../avr/lib/avr5\libc.a(strnlen.o)
                              c:/development/imt_sdk_win_64/winavr/bin/../lib/gcc/avr/4.3.3/../../../../avr/lib/avr5\libc.a(vfprintf_std.o) (strnlen)
c:/development/imt_sdk_win_64/winavr/bin/../lib/gcc/avr/4.3.3/../../../../avr/lib/avr5\libc.a(fputc.o)
                              c:/development/imt_sdk_win_64/winavr/bin/../lib/gcc/avr/4.3.3/../../../../avr/lib/avr5\libc.a(vfprintf_std.o) (fputc)
c:/development/imt_sdk_win_64/winavr/bin/../lib/gcc/avr/4.3.3/../../../../avr/lib/avr5\libc.a(ultoa_invert.o)
                              c:/development/imt_sdk_win_64/winavr/bin/../lib/gcc/avr/4.3.3/../../../../avr/lib/avr5\libc.a(vfprintf_std.o) (__ultoa_invert)

Memory Configuration

Name             Origin             Length             Attributes
text             0x00000000         0x00020000         xr
data             0x00800060         0x0000ffa0         rw !x
eeprom           0x00810000         0x00010000         rw !x
fuse             0x00820000         0x00000400         rw !x
lock             0x00830000         0x00000400         rw !x
signature        0x00840000         0x00000400         rw !x
*default*        0x00000000         0xffffffff

Linker script and memory map

LOAD c:/development/imt_sdk_win_64/winavr/bin/../lib/gcc/avr/4.3.3/../../../../avr/lib/avr5/crtm32.o
LOAD ./MCAL/UART/UART_program.o
LOAD ./MCAL/IntEEPROM/intEEPROM_program.o
LOAD ./MCAL/GPT/GPT_program.o
LOAD ./MCAL/External_Interrupt/EXT_INT_Program.o
LOAD ./MCAL/DIO/DIO_Program.o
LOAD ./MCAL/ADC/ADC_program.o
LOAD ./HAL/Stepper_Motor/StepperMotor_Program.o
LOAD ./HAL/Led/Led_Program.o
LOAD ./HAL/LDR/LDR_program.o
LOAD ./HAL/LCD/LCD_progam.o
LOAD ./HAL/Keypad/KPD_program.o
LOAD ./APP/Master_private.o
LOAD ./APP/master.o
LOAD c:/development/imt_sdk_win_64/winavr/bin/../lib/gcc/avr/4.3.3/avr5\libgcc.a
LOAD c:/development/imt_sdk_win_64/winavr/bin/../lib/gcc/avr/4.3.3/../../../../avr/lib/avr5\libc.a
LOAD c:/development/imt_sdk_win_64/winavr/bin/../lib/gcc/avr/4.3.3/avr5\libgcc.a

.hash
 *(.hash)

.dynsym
 *(.dynsym)

.dynstr
 *(.dynstr)

.gnu.version
 *(.gnu.version)

.gnu.version_d
 *(.gnu.version_d)

.gnu.version_r
 *(.gnu.version_r)

.rel.init
 *(.rel.init)

.rela.init
 *(.rela.init)

.rel.text
 *(.rel.text)
 *(.rel.text.*)
 *(.rel.gnu.linkonce.t*)

.rela.text
 *(.rela.text)
 *(.rela.text.*)
 *(.rela.gnu.linkonce.t*)

.rel.fini
 *(.rel.fini)

.rela.fini
 *(.rela.fini)

.rel.rodata
 *(.rel.rodata)
 *(.rel.rodata.*)
 *(.rel.gnu.linkonce.r*)

.rela.rodata
 *(.rela.rodata)
 *(.rela.rodata.*)
 *(.rela.gnu.linkonce.r*)

.rel.data
 *(.rel.data)
 *(.rel.data.*)
 *(.rel.gnu.linkonce.d*)

.rela.data
 *(.rela.data)
 *(.rela.data.*)
 *(.rela.gnu.linkonce.d*)

.rel.ctors
 *(.rel.ctors)

.rela.ctors
 *(.rela.ctors)

.rel.dtors
 *(.rel.dtors)

.rela.dtors
 *(.rela.dtors)

.rel.got
 *(.rel.got)

.rela.got
 *(.rela.got)

.rel.bss
 *(.rel.bss)

.rela.bss
 *(.rela.bss)

.rel.plt
 *(.rel.plt)

.rela.plt
 *(.rela.plt)

.text           0x00000000     0x624c
 *(.vectors)
 .vectors       0x00000000       0x54 c:/development/imt_sdk_win_64/winavr/bin/../lib/gcc/avr/4.3.3/../../../../avr/lib/avr5/crtm32.o
                0x00000000                __vectors
                0x00000000                __vector_default
 *(.vectors)
 *(.progmem.gcc*)
 *(.progmem*)
                0x00000054                . = ALIGN (0x2)
                0x00000054                __trampolines_start = .
 *(.trampolines)
 .trampolines   0x00000054        0x0 linker stubs
 *(.trampolines*)
                0x00000054                __trampolines_end = .
 *(.jumptables)
 *(.jumptables*)
 *(.lowtext)
 *(.lowtext*)
                0x00000054                __ctors_start = .
 *(.ctors)
                0x00000054                __ctors_end = .
                0x00000054                __dtors_start = .
 *(.dtors)
                0x00000054                __dtors_end = .
 SORT(*)(.ctors)
 SORT(*)(.dtors)
 *(.init0)
 .init0         0x00000054        0x0 c:/development/imt_sdk_win_64/winavr/bin/../lib/gcc/avr/4.3.3/../../../../avr/lib/avr5/crtm32.o
                0x00000054                __init
 *(.init0)
 *(.init1)
 *(.init1)
 *(.init2)
 .init2         0x00000054        0xc c:/development/imt_sdk_win_64/winavr/bin/../lib/gcc/avr/4.3.3/../../../../avr/lib/avr5/crtm32.o
 *(.init2)
 *(.init3)
 *(.init3)
 *(.init4)
 .init4         0x00000060       0x16 c:/development/imt_sdk_win_64/winavr/bin/../lib/gcc/avr/4.3.3/avr5\libgcc.a(_copy_data.o)
                0x00000060                __do_copy_data
 .init4         0x00000076       0x10 c:/development/imt_sdk_win_64/winavr/bin/../lib/gcc/avr/4.3.3/avr5\libgcc.a(_clear_bss.o)
                0x00000076                __do_clear_bss
 *(.init4)
 *(.init5)
 *(.init5)
 *(.init6)
 *(.init6)
 *(.init7)
 *(.init7)
 *(.init8)
 *(.init8)
 *(.init9)
 .init9         0x00000086        0x8 c:/development/imt_sdk_win_64/winavr/bin/../lib/gcc/avr/4.3.3/../../../../avr/lib/avr5/crtm32.o
 *(.init9)
 *(.text)
 .text          0x0000008e        0x4 c:/development/imt_sdk_win_64/winavr/bin/../lib/gcc/avr/4.3.3/../../../../avr/lib/avr5/crtm32.o
                0x0000008e                __vector_12
                0x0000008e                __bad_interrupt
                0x0000008e                __vector_6
                0x0000008e                __vector_17
                0x0000008e                __vector_19
                0x0000008e                __vector_5
                0x0000008e                __vector_4
                0x0000008e                __vector_9
                0x0000008e                __vector_15
                0x0000008e                __vector_8
                0x0000008e                __vector_14
                0x0000008e                __vector_18
                0x0000008e                __vector_20
 .text          0x00000092        0x0 ./MCAL/UART/UART_program.o
 .text          0x00000092        0x0 ./MCAL/IntEEPROM/intEEPROM_program.o
 .text          0x00000092        0x0 ./MCAL/GPT/GPT_program.o
 .text          0x00000092        0x0 ./MCAL/External_Interrupt/EXT_INT_Program.o
 .text          0x00000092        0x0 ./MCAL/DIO/DIO_Program.o
 .text          0x00000092        0x0 ./MCAL/ADC/ADC_program.o
 .text          0x00000092        0x0 ./HAL/Stepper_Motor/StepperMotor_Program.o
 .text          0x00000092        0x0 ./HAL/Led/Led_Program.o
 .text          0x00000092        0x0 ./HAL/LDR/LDR_program.o
 .text          0x00000092        0x0 ./HAL/LCD/LCD_progam.o
 .text          0x00000092        0x0 ./HAL/Keypad/KPD_program.o
 .text          0x00000092        0x0 ./APP/Master_private.o
 .text          0x00000092        0x0 ./APP/master.o
 .text          0x00000092        0x0 c:/development/imt_sdk_win_64/winavr/bin/../lib/gcc/avr/4.3.3/avr5\libgcc.a(_mulsi3.o)
 .text          0x00000092        0x0 c:/development/imt_sdk_win_64/winavr/bin/../lib/gcc/avr/4.3.3/avr5\libgcc.a(_udivmodsi4.o)
 .text          0x00000092        0x0 c:/development/imt_sdk_win_64/winavr/bin/../lib/gcc/avr/4.3.3/avr5\libgcc.a(_exit.o)
 .text          0x00000092        0x0 c:/development/imt_sdk_win_64/winavr/bin/../lib/gcc/avr/4.3.3/avr5\libgcc.a(_copy_data.o)
 .text          0x00000092        0x0 c:/development/imt_sdk_win_64/winavr/bin/../lib/gcc/avr/4.3.3/avr5\libgcc.a(_clear_bss.o)
 .text          0x00000092       0x58 c:/development/imt_sdk_win_64/winavr/bin/../lib/gcc/avr/4.3.3/avr5\libgcc.a(_fixunssfsi.o)
                0x00000092                __fixunssfsi
 .text          0x000000ea      0x354 c:/development/imt_sdk_win_64/winavr/bin/../lib/gcc/avr/4.3.3/avr5\libgcc.a(_addsub_sf.o)
                0x00000382                __subsf3
                0x000003e4                __addsf3
 .text          0x0000043e      0x1f4 c:/development/imt_sdk_win_64/winavr/bin/../lib/gcc/avr/4.3.3/avr5\libgcc.a(_mul_sf.o)
                0x0000043e                __mulsf3
 .text          0x00000632      0x158 c:/development/imt_sdk_win_64/winavr/bin/../lib/gcc/avr/4.3.3/avr5\libgcc.a(_div_sf.o)
                0x00000632                __divsf3
 .text          0x0000078a       0x60 c:/development/imt_sdk_win_64/winavr/bin/../lib/gcc/avr/4.3.3/avr5\libgcc.a(_gt_sf.o)
                0x0000078a                __gtsf2
 .text          0x000007ea       0x60 c:/development/imt_sdk_win_64/winavr/bin/../lib/gcc/avr/4.3.3/avr5\libgcc.a(_ge_sf.o)
                0x000007ea                __gesf2
 .text          0x0000084a       0x60 c:/development/imt_sdk_win_64/winavr/bin/../lib/gcc/avr/4.3.3/avr5\libgcc.a(_lt_sf.o)
                0x0000084a                __ltsf2
 .text          0x000008aa       0xbc c:/development/imt_sdk_win_64/winavr/bin/../lib/gcc/avr/4.3.3/avr5\libgcc.a(_si_to_sf.o)
                0x000008aa                __floatsisf
 .text          0x00000966       0xa8 c:/development/imt_sdk_win_64/winavr/bin/../lib/gcc/avr/4.3.3/avr5\libgcc.a(_sf_to_si.o)
                0x00000966                __fixsfsi
 .text          0x00000a0e        0x0 c:/development/imt_sdk_win_64/winavr/bin/../lib/gcc/avr/4.3.3/avr5\libgcc.a(_thenan_sf.o)
 .text          0x00000a0e       0xf2 c:/development/imt_sdk_win_64/winavr/bin/../lib/gcc/avr/4.3.3/avr5\libgcc.a(_usi_to_sf.o)
                0x00000a0e                __floatunsisf
 .text          0x00000b00        0x0 c:/development/imt_sdk_win_64/winavr/bin/../lib/gcc/avr/4.3.3/avr5\libgcc.a(_prologue.o)
 .text          0x00000b00        0x0 c:/development/imt_sdk_win_64/winavr/bin/../lib/gcc/avr/4.3.3/avr5\libgcc.a(_epilogue.o)
 .text          0x00000b00       0x9e c:/development/imt_sdk_win_64/winavr/bin/../lib/gcc/avr/4.3.3/avr5\libgcc.a(_clzsi2.o)
                0x00000b00                __clzsi2
 .text          0x00000b9e      0x1aa c:/development/imt_sdk_win_64/winavr/bin/../lib/gcc/avr/4.3.3/avr5\libgcc.a(_pack_sf.o)
                0x00000b9e                __pack_f
 .text          0x00000d48       0xf0 c:/development/imt_sdk_win_64/winavr/bin/../lib/gcc/avr/4.3.3/avr5\libgcc.a(_unpack_sf.o)
                0x00000d48                __unpack_f
 .text          0x00000e38       0xb2 c:/development/imt_sdk_win_64/winavr/bin/../lib/gcc/avr/4.3.3/avr5\libgcc.a(_fpcmp_parts_sf.o)
                0x00000e38                __fpcmp_parts_f
 .text          0x00000eea        0x0 c:/development/imt_sdk_win_64/winavr/bin/../lib/gcc/avr/4.3.3/avr5\libgcc.a(_clz.o)
 .text          0x00000eea        0x0 c:/development/imt_sdk_win_64/winavr/bin/../lib/gcc/avr/4.3.3/../../../../avr/lib/avr5\libc.a(snprintf.o)
 .text          0x00000eea        0x0 c:/development/imt_sdk_win_64/winavr/bin/../lib/gcc/avr/4.3.3/../../../../avr/lib/avr5\libc.a(vfprintf_std.o)
 .text          0x00000eea        0x0 c:/development/imt_sdk_win_64/winavr/bin/../lib/gcc/avr/4.3.3/../../../../avr/lib/avr5\libc.a(strnlen_P.o)
 .text          0x00000eea        0x0 c:/development/imt_sdk_win_64/winavr/bin/../lib/gcc/avr/4.3.3/../../../../avr/lib/avr5\libc.a(strnlen.o)
 .text          0x00000eea        0x0 c:/development/imt_sdk_win_64/winavr/bin/../lib/gcc/avr/4.3.3/../../../../avr/lib/avr5\libc.a(fputc.o)
 .text          0x00000eea        0x0 c:/development/imt_sdk_win_64/winavr/bin/../lib/gcc/avr/4.3.3/../../../../avr/lib/avr5\libc.a(ultoa_invert.o)
                0x00000eea                . = ALIGN (0x2)
 *(.text.*)
 .text.UART_VoidInit
                0x00000eea       0x74 ./MCAL/UART/UART_program.o
                0x00000eea                UART_VoidInit
 .text.UART_VoidSetRxCBF
                0x00000f5e       0x2c ./MCAL/UART/UART_program.o
                0x00000f5e                UART_VoidSetRxCBF
 .text.UART_Send
                0x00000f8a       0x34 ./MCAL/UART/UART_program.o
                0x00000f8a                UART_Send
 .text.UART_Receive
                0x00000fbe       0x34 ./MCAL/UART/UART_program.o
                0x00000fbe                UART_Receive
 .text.UART_Receive_interrupt
                0x00000ff2       0x24 ./MCAL/UART/UART_program.o
                0x00000ff2                UART_Receive_interrupt
 .text.UART_SendString
                0x00001016       0x6c ./MCAL/UART/UART_program.o
                0x00001016                UART_SendString
 .text.__vector_13
                0x00001082       0x66 ./MCAL/UART/UART_program.o
                0x00001082                __vector_13
 .text.INT_EEPROM_VoidWriteByte
                0x000010e8       0x4a ./MCAL/IntEEPROM/intEEPROM_program.o
                0x000010e8                INT_EEPROM_VoidWriteByte
 .text.INT_EEPROM_VoidReadByte
                0x00001132       0x58 ./MCAL/IntEEPROM/intEEPROM_program.o
                0x00001132                INT_EEPROM_VoidReadByte
 .text.INT_EEPROM_VoidWrite_Num_Bytes
                0x0000118a       0xba ./MCAL/IntEEPROM/intEEPROM_program.o
                0x0000118a                INT_EEPROM_VoidWrite_Num_Bytes
 .text.INT_EEPROM_VoidReadByte_Num_Bytes
                0x00001244       0xee ./MCAL/IntEEPROM/intEEPROM_program.o
                0x00001244                INT_EEPROM_VoidReadByte_Num_Bytes
 .text.GPT_VoidInit
                0x00001332      0x1bc ./MCAL/GPT/GPT_program.o
                0x00001332                GPT_VoidInit
 .text.GPT_voidReadTimer
                0x000014ee       0x38 ./MCAL/GPT/GPT_program.o
                0x000014ee                GPT_voidReadTimer
 .text.GPT_VoidSetPreload
                0x00001526       0x26 ./MCAL/GPT/GPT_program.o
                0x00001526                GPT_VoidSetPreload
 .text.__vector_10
                0x0000154c       0x66 ./MCAL/GPT/GPT_program.o
                0x0000154c                __vector_10
 .text.__vector_11
                0x000015b2       0x66 ./MCAL/GPT/GPT_program.o
                0x000015b2                __vector_11
 .text.__vector_7
                0x00001618       0x66 ./MCAL/GPT/GPT_program.o
                0x00001618                __vector_7
 .text.ExtINT_VoidInit
                0x0000167e      0x1a0 ./MCAL/External_Interrupt/EXT_INT_Program.o
                0x0000167e                ExtINT_VoidInit
 .text.ExtINT_VoidDeInit
                0x0000181e       0x42 ./MCAL/External_Interrupt/EXT_INT_Program.o
                0x0000181e                ExtINT_VoidDeInit
 .text.ExtINT_changeSense
                0x00001860       0xa8 ./MCAL/External_Interrupt/EXT_INT_Program.o
                0x00001860                ExtINT_changeSense
 .text.__vector_1
                0x00001908       0x66 ./MCAL/External_Interrupt/EXT_INT_Program.o
                0x00001908                __vector_1
 .text.__vector_2
                0x0000196e       0x66 ./MCAL/External_Interrupt/EXT_INT_Program.o
                0x0000196e                __vector_2
 .text.__vector_3
                0x000019d4       0x66 ./MCAL/External_Interrupt/EXT_INT_Program.o
                0x000019d4                __vector_3
 .text.DIO_VoidSetPinDirection
                0x00001a3a       0xe6 ./MCAL/DIO/DIO_Program.o
                0x00001a3a                DIO_VoidSetPinDirection
 .text.DIO_VoidSetPinValue
                0x00001b20       0xe6 ./MCAL/DIO/DIO_Program.o
                0x00001b20                DIO_VoidSetPinValue
 .text.DIO_VoidTogglePinValue
                0x00001c06       0x6c ./MCAL/DIO/DIO_Program.o
                0x00001c06                DIO_VoidTogglePinValue
 .text.DIO_VoidGetPinValue
                0x00001c72       0x6e ./MCAL/DIO/DIO_Program.o
                0x00001c72                DIO_VoidGetPinValue
 .text.DIO_VoidSetPortDirection
                0x00001ce0       0x38 ./MCAL/DIO/DIO_Program.o
                0x00001ce0                DIO_VoidSetPortDirection
 .text.DIO_VoidSetPortValue
                0x00001d18       0x38 ./MCAL/DIO/DIO_Program.o
                0x00001d18                DIO_VoidSetPortValue
 .text.DIO_VoidTogglePortValue
                0x00001d50       0x4a ./MCAL/DIO/DIO_Program.o
                0x00001d50                DIO_VoidTogglePortValue
 .text.DIO_VoidGetPortValue
                0x00001d9a       0x4a ./MCAL/DIO/DIO_Program.o
                0x00001d9a                DIO_VoidGetPortValue
 .text.DIO_VoidSet4bitsValue
                0x00001de4       0xca ./MCAL/DIO/DIO_Program.o
                0x00001de4                DIO_VoidSet4bitsValue
 .text.DIO_VoidGet4bitsValue
                0x00001eae       0x76 ./MCAL/DIO/DIO_Program.o
                0x00001eae                DIO_VoidGet4bitsValue
 .text.DIO_voidPortInit
                0x00001f24       0x58 ./MCAL/DIO/DIO_Program.o
                0x00001f24                DIO_voidPortInit
 .text.DIO_voidPinInit
                0x00001f7c       0x42 ./MCAL/DIO/DIO_Program.o
                0x00001f7c                DIO_voidPinInit
 .text.ADC_VoidInit
                0x00001fbe       0x48 ./MCAL/ADC/ADC_program.o
                0x00001fbe                ADC_VoidInit
 .text.ADC_VoidStartConv_Blocking
                0x00002006       0x8c ./MCAL/ADC/ADC_program.o
                0x00002006                ADC_VoidStartConv_Blocking
 .text.ADC_voidReadResult
                0x00002092       0x44 ./MCAL/ADC/ADC_program.o
                0x00002092                ADC_voidReadResult
 .text.ADC_voidGetCurrChannel
                0x000020d6       0x26 ./MCAL/ADC/ADC_program.o
                0x000020d6                ADC_voidGetCurrChannel
 .text.ADC_VoidSelectChannel
                0x000020fc       0x28 ./MCAL/ADC/ADC_program.o
                0x000020fc                ADC_VoidSelectChannel
 .text.ADC_VoidRefresh_freeRunning
                0x00002124       0x42 ./MCAL/ADC/ADC_program.o
                0x00002124                ADC_VoidRefresh_freeRunning
 .text.__vector_16
                0x00002166       0x66 ./MCAL/ADC/ADC_program.o
                0x00002166                __vector_16
 .text.StepperMotor_VoidInit
                0x000021cc       0xb6 ./HAL/Stepper_Motor/StepperMotor_Program.o
                0x000021cc                StepperMotor_VoidInit
 .text.StepperMotor_VoidStepClockWise
                0x00002282      0x68e ./HAL/Stepper_Motor/StepperMotor_Program.o
                0x00002282                StepperMotor_VoidStepClockWise
 .text.StepperMotor_VoidStepAntiClockWise
                0x00002910      0x68e ./HAL/Stepper_Motor/StepperMotor_Program.o
                0x00002910                StepperMotor_VoidStepAntiClockWise
 .text.StepperMotor_VoidSteps_ClockWise
                0x00002f9e      0x15a ./HAL/Stepper_Motor/StepperMotor_Program.o
                0x00002f9e                StepperMotor_VoidSteps_ClockWise
 .text.StepperMotor_VoidSteps_AntiClockWise
                0x000030f8       0x74 ./HAL/Stepper_Motor/StepperMotor_Program.o
                0x000030f8                StepperMotor_VoidSteps_AntiClockWise
 .text.LED_u8Init
                0x0000316c       0xdc ./HAL/Led/Led_Program.o
                0x0000316c                LED_u8Init
 .text.LED_u8TurnOff
                0x00003248       0xd6 ./HAL/Led/Led_Program.o
                0x00003248                LED_u8TurnOff
 .text.LED_u8TurnOn
                0x0000331e       0xd6 ./HAL/Led/Led_Program.o
                0x0000331e                LED_u8TurnOn
 .text.LED_u8Toggle
                0x000033f4       0x78 ./HAL/Led/Led_Program.o
                0x000033f4                LED_u8Toggle
 .text.LED_u8Stat
                0x0000346c       0x78 ./HAL/Led/Led_Program.o
                0x0000346c                LED_u8Stat
 .text.LDR_VoidInit
                0x000034e4       0x26 ./HAL/LDR/LDR_program.o
                0x000034e4                LDR_VoidInit
 .text.LDR_VoidStartConv
                0x0000350a       0x2a ./HAL/LDR/LDR_program.o
                0x0000350a                LDR_VoidStartConv
 .text.LDR_VoidGetTime
                0x00003534       0xdc ./HAL/LDR/LDR_program.o
                0x00003534                LDR_VoidGetTime
 .text.LCD_voidInit
                0x00003610       0x28 ./HAL/LCD/LCD_progam.o
                0x00003610                LCD_voidInit
 .text.LCD_voidSendCommand
                0x00003638       0x30 ./HAL/LCD/LCD_progam.o
                0x00003638                LCD_voidSendCommand
 .text.LCD_voidSendChar
                0x00003668       0x30 ./HAL/LCD/LCD_progam.o
                0x00003668                LCD_voidSendChar
 .text.LCD_voidSetCursor
                0x00003698       0x4a ./HAL/LCD/LCD_progam.o
                0x00003698                LCD_voidSetCursor
 .text.LCD_voidSendChar_Postion
                0x000036e2       0x3e ./HAL/LCD/LCD_progam.o
                0x000036e2                LCD_voidSendChar_Postion
 .text.LCD_voidSendString
                0x00003720       0x72 ./HAL/LCD/LCD_progam.o
                0x00003720                LCD_voidSendString
 .text.LCD_voidSendString_Postion
                0x00003792       0x46 ./HAL/LCD/LCD_progam.o
                0x00003792                LCD_voidSendString_Postion
 .text.LCD_voidShiftScreenLeft
                0x000037d8       0x22 ./HAL/LCD/LCD_progam.o
                0x000037d8                LCD_voidShiftScreenLeft
 .text.LCD_voidShiftScreenRight
                0x000037fa       0x22 ./HAL/LCD/LCD_progam.o
                0x000037fa                LCD_voidShiftScreenRight
 .text.LCD_voidShiftCursorLeft
                0x0000381c       0x22 ./HAL/LCD/LCD_progam.o
                0x0000381c                LCD_voidShiftCursorLeft
 .text.LCD_voidShiftCursorRight
                0x0000383e       0x22 ./HAL/LCD/LCD_progam.o
                0x0000383e                LCD_voidShiftCursorRight
 .text.LCD_voidClearDisplay
                0x00003860       0x22 ./HAL/LCD/LCD_progam.o
                0x00003860                LCD_voidClearDisplay
 .text.LCD_void8Bit_Init
                0x00003882      0x470 ./HAL/LCD/LCD_progam.o
 .text.LCD_void8Bit_SendCommand
                0x00003cf2      0x2b8 ./HAL/LCD/LCD_progam.o
 .text.LCD_void8Bit_SendChar
                0x00003faa      0x1d4 ./HAL/LCD/LCD_progam.o
 .text.LCD_voidSendU32Digit
                0x0000417e       0xa4 ./HAL/LCD/LCD_progam.o
                0x0000417e                LCD_voidSendU32Digit
 .text.LCD_voidSendU32Digit_Postion
                0x00004222      0x146 ./HAL/LCD/LCD_progam.o
                0x00004222                LCD_voidSendU32Digit_Postion
 .text.LCD_voidSendf32Digit
                0x00004368      0x1c4 ./HAL/LCD/LCD_progam.o
                0x00004368                LCD_voidSendf32Digit
 .text.LCD_voidSendf32Digit_Postion
                0x0000452c      0x146 ./HAL/LCD/LCD_progam.o
                0x0000452c                LCD_voidSendf32Digit_Postion
 .text.KPD_VoidInit
                0x00004672       0x66 ./HAL/Keypad/KPD_program.o
                0x00004672                KPD_VoidInit
 .text.KPD_U8GetKey
                0x000046d8      0x13a ./HAL/Keypad/KPD_program.o
                0x000046d8                KPD_U8GetKey
 .text.Master_private
                0x00004812      0x4e6 ./APP/Master_private.o
                0x00004812                Master_private
 .text.LCD_NewPasswordMessage
                0x00004cf8       0x36 ./APP/Master_private.o
                0x00004cf8                LCD_NewPasswordMessage
 .text.LCD_PasswordMessage
                0x00004d2e       0x30 ./APP/Master_private.o
                0x00004d2e                LCD_PasswordMessage
 .text.LCD_passWordRemaining
                0x00004d5e      0x152 ./APP/Master_private.o
                0x00004d5e                LCD_passWordRemaining
 .text.main     0x00004eb0       0x86 ./APP/master.o
                0x00004eb0                main
 .text.LDR_ISR_Read
                0x00004f36       0x38 ./APP/master.o
                0x00004f36                LDR_ISR_Read
 .text.SYSTEM_VoidINIT
                0x00004f6e       0x62 ./APP/master.o
                0x00004f6e                SYSTEM_VoidINIT
 .text.LCD_Menu
                0x00004fd0      0x148 ./APP/master.o
                0x00004fd0                LCD_Menu
 .text.LCD_WrongInputMessage
                0x00005118      0x120 ./APP/master.o
                0x00005118                LCD_WrongInputMessage
 .text.LCD_welcomeMessage
                0x00005238      0x222 ./APP/master.o
                0x00005238                LCD_welcomeMessage
 .text.LCD_EntranceMenu_1
                0x0000545a       0x86 ./APP/master.o
                0x0000545a                LCD_EntranceMenu_1
 .text.MainDoor_voidopen
                0x000054e0       0x2c ./APP/master.o
                0x000054e0                MainDoor_voidopen
 .text.ROOM_Control
                0x0000550c      0x1ae ./APP/master.o
                0x0000550c                ROOM_Control
 .text.ROOM_DOOR_CONTROL
                0x000056ba       0x94 ./APP/master.o
                0x000056ba                ROOM_DOOR_CONTROL
 .text.ROOM_AIR_CONTROL
                0x0000574e      0x1be ./APP/master.o
                0x0000574e                ROOM_AIR_CONTROL
 .text.Air_voidgetTemp
                0x0000590c      0x176 ./APP/master.o
                0x0000590c                Air_voidgetTemp
 .text.MainDoor_voidClose
                0x00005a82       0x2a ./APP/master.o
                0x00005a82                MainDoor_voidClose
 .text.Fire_allarm
                0x00005aac      0x12e ./APP/master.o
                0x00005aac                Fire_allarm
 .text.FireAllarm_ISR
                0x00005bda       0x22 ./APP/master.o
                0x00005bda                FireAllarm_ISR
 .text.libgcc   0x00005bfc       0x3e c:/development/imt_sdk_win_64/winavr/bin/../lib/gcc/avr/4.3.3/avr5\libgcc.a(_mulsi3.o)
                0x00005bfc                __mulsi3
 .text.libgcc   0x00005c3a       0x44 c:/development/imt_sdk_win_64/winavr/bin/../lib/gcc/avr/4.3.3/avr5\libgcc.a(_udivmodsi4.o)
                0x00005c3a                __udivmodsi4
 .text.libgcc   0x00005c7e        0x0 c:/development/imt_sdk_win_64/winavr/bin/../lib/gcc/avr/4.3.3/avr5\libgcc.a(_exit.o)
 .text.libgcc   0x00005c7e        0x0 c:/development/imt_sdk_win_64/winavr/bin/../lib/gcc/avr/4.3.3/avr5\libgcc.a(_copy_data.o)
 .text.libgcc   0x00005c7e        0x0 c:/development/imt_sdk_win_64/winavr/bin/../lib/gcc/avr/4.3.3/avr5\libgcc.a(_clear_bss.o)
 .text.libgcc   0x00005c7e       0x38 c:/development/imt_sdk_win_64/winavr/bin/../lib/gcc/avr/4.3.3/avr5\libgcc.a(_prologue.o)
                0x00005c7e                __prologue_saves__
 .text.libgcc   0x00005cb6       0x36 c:/development/imt_sdk_win_64/winavr/bin/../lib/gcc/avr/4.3.3/avr5\libgcc.a(_epilogue.o)
                0x00005cb6                __epilogue_restores__
 .text.avr-libc
                0x00005cec       0x62 c:/development/imt_sdk_win_64/winavr/bin/../lib/gcc/avr/4.3.3/../../../../avr/lib/avr5\libc.a(snprintf.o)
                0x00005cec                snprintf
 .text.avr-libc
                0x00005d4e      0x3ba c:/development/imt_sdk_win_64/winavr/bin/../lib/gcc/avr/4.3.3/../../../../avr/lib/avr5\libc.a(vfprintf_std.o)
                0x00005d4e                vfprintf
 .text.avr-libc
                0x00006108       0x16 c:/development/imt_sdk_win_64/winavr/bin/../lib/gcc/avr/4.3.3/../../../../avr/lib/avr5\libc.a(strnlen_P.o)
                0x00006108                strnlen_P
 .text.avr-libc
                0x0000611e       0x16 c:/development/imt_sdk_win_64/winavr/bin/../lib/gcc/avr/4.3.3/../../../../avr/lib/avr5\libc.a(strnlen.o)
                0x0000611e                strnlen
 .text.avr-libc
                0x00006134       0x58 c:/development/imt_sdk_win_64/winavr/bin/../lib/gcc/avr/4.3.3/../../../../avr/lib/avr5\libc.a(fputc.o)
                0x00006134                fputc
 .text.avr-libc
                0x0000618c       0xbc c:/development/imt_sdk_win_64/winavr/bin/../lib/gcc/avr/4.3.3/../../../../avr/lib/avr5\libc.a(ultoa_invert.o)
                0x0000618c                __ultoa_invert
                0x00006248                . = ALIGN (0x2)
 *(.fini9)
 .fini9         0x00006248        0x0 c:/development/imt_sdk_win_64/winavr/bin/../lib/gcc/avr/4.3.3/avr5\libgcc.a(_exit.o)
                0x00006248                exit
                0x00006248                _exit
 *(.fini9)
 *(.fini8)
 *(.fini8)
 *(.fini7)
 *(.fini7)
 *(.fini6)
 *(.fini6)
 *(.fini5)
 *(.fini5)
 *(.fini4)
 *(.fini4)
 *(.fini3)
 *(.fini3)
 *(.fini2)
 *(.fini2)
 *(.fini1)
 *(.fini1)
 *(.fini0)
 .fini0         0x00006248        0x4 c:/development/imt_sdk_win_64/winavr/bin/../lib/gcc/avr/4.3.3/avr5\libgcc.a(_exit.o)
 *(.fini0)
                0x0000624c                _etext = .

.data           0x00800060      0x2d2 load address 0x0000624c
                0x00800060                PROVIDE (__data_start, .)
 *(.data)
 .data          0x00800060        0x0 c:/development/imt_sdk_win_64/winavr/bin/../lib/gcc/avr/4.3.3/../../../../avr/lib/avr5/crtm32.o
 .data          0x00800060        0x0 ./MCAL/UART/UART_program.o
 .data          0x00800060        0x0 ./MCAL/IntEEPROM/intEEPROM_program.o
 .data          0x00800060        0x0 ./MCAL/GPT/GPT_program.o
 .data          0x00800060        0x0 ./MCAL/External_Interrupt/EXT_INT_Program.o
 .data          0x00800060        0x0 ./MCAL/DIO/DIO_Program.o
 .data          0x00800060        0x0 ./MCAL/ADC/ADC_program.o
 .data          0x00800060        0x0 ./HAL/Stepper_Motor/StepperMotor_Program.o
 .data          0x00800060        0x0 ./HAL/Led/Led_Program.o
 .data          0x00800060        0x0 ./HAL/LDR/LDR_program.o
 .data          0x00800060        0x7 ./HAL/LCD/LCD_progam.o
 .data          0x00800067        0x0 ./HAL/Keypad/KPD_program.o
 .data          0x00800067       0x61 ./APP/Master_private.o
 .data          0x008000c8      0x113 ./APP/master.o
 .data          0x008001db        0x0 c:/development/imt_sdk_win_64/winavr/bin/../lib/gcc/avr/4.3.3/avr5\libgcc.a(_mulsi3.o)
 .data          0x008001db        0x0 c:/development/imt_sdk_win_64/winavr/bin/../lib/gcc/avr/4.3.3/avr5\libgcc.a(_udivmodsi4.o)
 .data          0x008001db        0x0 c:/development/imt_sdk_win_64/winavr/bin/../lib/gcc/avr/4.3.3/avr5\libgcc.a(_exit.o)
 .data          0x008001db        0x0 c:/development/imt_sdk_win_64/winavr/bin/../lib/gcc/avr/4.3.3/avr5\libgcc.a(_copy_data.o)
 .data          0x008001db        0x0 c:/development/imt_sdk_win_64/winavr/bin/../lib/gcc/avr/4.3.3/avr5\libgcc.a(_clear_bss.o)
 .data          0x008001db        0x0 c:/development/imt_sdk_win_64/winavr/bin/../lib/gcc/avr/4.3.3/avr5\libgcc.a(_fixunssfsi.o)
 .data          0x008001db        0x0 c:/development/imt_sdk_win_64/winavr/bin/../lib/gcc/avr/4.3.3/avr5\libgcc.a(_addsub_sf.o)
 .data          0x008001db        0x0 c:/development/imt_sdk_win_64/winavr/bin/../lib/gcc/avr/4.3.3/avr5\libgcc.a(_mul_sf.o)
 .data          0x008001db        0x0 c:/development/imt_sdk_win_64/winavr/bin/../lib/gcc/avr/4.3.3/avr5\libgcc.a(_div_sf.o)
 .data          0x008001db        0x0 c:/development/imt_sdk_win_64/winavr/bin/../lib/gcc/avr/4.3.3/avr5\libgcc.a(_gt_sf.o)
 .data          0x008001db        0x0 c:/development/imt_sdk_win_64/winavr/bin/../lib/gcc/avr/4.3.3/avr5\libgcc.a(_ge_sf.o)
 .data          0x008001db        0x0 c:/development/imt_sdk_win_64/winavr/bin/../lib/gcc/avr/4.3.3/avr5\libgcc.a(_lt_sf.o)
 .data          0x008001db        0x0 c:/development/imt_sdk_win_64/winavr/bin/../lib/gcc/avr/4.3.3/avr5\libgcc.a(_si_to_sf.o)
 .data          0x008001db        0x0 c:/development/imt_sdk_win_64/winavr/bin/../lib/gcc/avr/4.3.3/avr5\libgcc.a(_sf_to_si.o)
 .data          0x008001db        0x8 c:/development/imt_sdk_win_64/winavr/bin/../lib/gcc/avr/4.3.3/avr5\libgcc.a(_thenan_sf.o)
                0x008001db                __thenan_sf
 .data          0x008001e3        0x0 c:/development/imt_sdk_win_64/winavr/bin/../lib/gcc/avr/4.3.3/avr5\libgcc.a(_usi_to_sf.o)
 .data          0x008001e3        0x0 c:/development/imt_sdk_win_64/winavr/bin/../lib/gcc/avr/4.3.3/avr5\libgcc.a(_prologue.o)
 .data          0x008001e3        0x0 c:/development/imt_sdk_win_64/winavr/bin/../lib/gcc/avr/4.3.3/avr5\libgcc.a(_epilogue.o)
 .data          0x008001e3        0x0 c:/development/imt_sdk_win_64/winavr/bin/../lib/gcc/avr/4.3.3/avr5\libgcc.a(_clzsi2.o)
 .data          0x008001e3        0x0 c:/development/imt_sdk_win_64/winavr/bin/../lib/gcc/avr/4.3.3/avr5\libgcc.a(_pack_sf.o)
 .data          0x008001e3        0x0 c:/development/imt_sdk_win_64/winavr/bin/../lib/gcc/avr/4.3.3/avr5\libgcc.a(_unpack_sf.o)
 .data          0x008001e3        0x0 c:/development/imt_sdk_win_64/winavr/bin/../lib/gcc/avr/4.3.3/avr5\libgcc.a(_fpcmp_parts_sf.o)
 .data          0x008001e3      0x100 c:/development/imt_sdk_win_64/winavr/bin/../lib/gcc/avr/4.3.3/avr5\libgcc.a(_clz.o)
                0x008001e3                __clz_tab
 .data          0x008002e3        0x0 c:/development/imt_sdk_win_64/winavr/bin/../lib/gcc/avr/4.3.3/../../../../avr/lib/avr5\libc.a(snprintf.o)
 .data          0x008002e3        0x0 c:/development/imt_sdk_win_64/winavr/bin/../lib/gcc/avr/4.3.3/../../../../avr/lib/avr5\libc.a(vfprintf_std.o)
 .data          0x008002e3        0x0 c:/development/imt_sdk_win_64/winavr/bin/../lib/gcc/avr/4.3.3/../../../../avr/lib/avr5\libc.a(strnlen_P.o)
 .data          0x008002e3        0x0 c:/development/imt_sdk_win_64/winavr/bin/../lib/gcc/avr/4.3.3/../../../../avr/lib/avr5\libc.a(strnlen.o)
 .data          0x008002e3        0x0 c:/development/imt_sdk_win_64/winavr/bin/../lib/gcc/avr/4.3.3/../../../../avr/lib/avr5\libc.a(fputc.o)
 .data          0x008002e3        0x0 c:/development/imt_sdk_win_64/winavr/bin/../lib/gcc/avr/4.3.3/../../../../avr/lib/avr5\libc.a(ultoa_invert.o)
 *(.data*)
 .data.DIO_ARR_PORT
                0x008002e3        0x8 ./MCAL/DIO/DIO_Program.o
 .data.DIO_ARR_DDR
                0x008002eb        0x8 ./MCAL/DIO/DIO_Program.o
 .data.DIO_ARR_PIN
                0x008002f3        0x8 ./MCAL/DIO/DIO_Program.o
 .data.ADC_CHANNEL_AT_ARR
                0x008002fb        0x3 ./MCAL/ADC/ADC_program.o
 .data.KPD_ArrROWS_PINS
                0x008002fe        0x4 ./HAL/Keypad/KPD_program.o
 .data.KPD_ArrCOLS_PINS
                0x00800302        0x4 ./HAL/Keypad/KPD_program.o
 .data.lcd      0x00800306        0x3 ./APP/master.o
                0x00800306                lcd
 .data.entranceLed
                0x00800309        0x1 ./APP/master.o
                0x00800309                entranceLed
 .data.buzzer   0x0080030a        0x1 ./APP/master.o
                0x0080030a                buzzer
 .data.MainDoor
                0x0080030b        0x7 ./APP/master.o
                0x0080030b                MainDoor
 .data.adcDelay
                0x00800312        0x8 ./APP/master.o
                0x00800312                adcDelay
 .data.fireAllarm
                0x0080031a        0x8 ./APP/master.o
                0x0080031a                fireAllarm
 *(.rodata)
 *(.rodata*)
 .rodata.C.0.1268
                0x00800322       0x10 ./HAL/Keypad/KPD_program.o
 *(.gnu.linkonce.d*)
                0x00800332                . = ALIGN (0x2)
                0x00800332                _edata = .
                0x00800332                PROVIDE (__data_end, .)

.bss            0x00800332       0x23
                0x00800332                PROVIDE (__bss_start, .)
 *(.bss)
 .bss           0x00800332        0x0 c:/development/imt_sdk_win_64/winavr/bin/../lib/gcc/avr/4.3.3/../../../../avr/lib/avr5/crtm32.o
 .bss           0x00800332        0x0 ./MCAL/UART/UART_program.o
 .bss           0x00800332        0x0 ./MCAL/IntEEPROM/intEEPROM_program.o
 .bss           0x00800332        0x0 ./MCAL/GPT/GPT_program.o
 .bss           0x00800332        0x0 ./MCAL/External_Interrupt/EXT_INT_Program.o
 .bss           0x00800332        0x0 ./MCAL/DIO/DIO_Program.o
 .bss           0x00800332        0x0 ./MCAL/ADC/ADC_program.o
 .bss           0x00800332        0x0 ./HAL/Stepper_Motor/StepperMotor_Program.o
 .bss           0x00800332        0x0 ./HAL/Led/Led_Program.o
 .bss           0x00800332        0x0 ./HAL/LDR/LDR_program.o
 .bss           0x00800332        0x0 ./HAL/LCD/LCD_progam.o
 .bss           0x00800332        0x0 ./HAL/Keypad/KPD_program.o
 .bss           0x00800332        0x0 ./APP/Master_private.o
 .bss           0x00800332        0x0 ./APP/master.o
 .bss           0x00800332        0x0 c:/development/imt_sdk_win_64/winavr/bin/../lib/gcc/avr/4.3.3/avr5\libgcc.a(_mulsi3.o)
 .bss           0x00800332        0x0 c:/development/imt_sdk_win_64/winavr/bin/../lib/gcc/avr/4.3.3/avr5\libgcc.a(_udivmodsi4.o)
 .bss           0x00800332        0x0 c:/development/imt_sdk_win_64/winavr/bin/../lib/gcc/avr/4.3.3/avr5\libgcc.a(_exit.o)
 .bss           0x00800332        0x0 c:/development/imt_sdk_win_64/winavr/bin/../lib/gcc/avr/4.3.3/avr5\libgcc.a(_copy_data.o)
 .bss           0x00800332        0x0 c:/development/imt_sdk_win_64/winavr/bin/../lib/gcc/avr/4.3.3/avr5\libgcc.a(_clear_bss.o)
 .bss           0x00800332        0x0 c:/development/imt_sdk_win_64/winavr/bin/../lib/gcc/avr/4.3.3/avr5\libgcc.a(_fixunssfsi.o)
 .bss           0x00800332        0x0 c:/development/imt_sdk_win_64/winavr/bin/../lib/gcc/avr/4.3.3/avr5\libgcc.a(_addsub_sf.o)
 .bss           0x00800332        0x0 c:/development/imt_sdk_win_64/winavr/bin/../lib/gcc/avr/4.3.3/avr5\libgcc.a(_mul_sf.o)
 .bss           0x00800332        0x0 c:/development/imt_sdk_win_64/winavr/bin/../lib/gcc/avr/4.3.3/avr5\libgcc.a(_div_sf.o)
 .bss           0x00800332        0x0 c:/development/imt_sdk_win_64/winavr/bin/../lib/gcc/avr/4.3.3/avr5\libgcc.a(_gt_sf.o)
 .bss           0x00800332        0x0 c:/development/imt_sdk_win_64/winavr/bin/../lib/gcc/avr/4.3.3/avr5\libgcc.a(_ge_sf.o)
 .bss           0x00800332        0x0 c:/development/imt_sdk_win_64/winavr/bin/../lib/gcc/avr/4.3.3/avr5\libgcc.a(_lt_sf.o)
 .bss           0x00800332        0x0 c:/development/imt_sdk_win_64/winavr/bin/../lib/gcc/avr/4.3.3/avr5\libgcc.a(_si_to_sf.o)
 .bss           0x00800332        0x0 c:/development/imt_sdk_win_64/winavr/bin/../lib/gcc/avr/4.3.3/avr5\libgcc.a(_sf_to_si.o)
 .bss           0x00800332        0x0 c:/development/imt_sdk_win_64/winavr/bin/../lib/gcc/avr/4.3.3/avr5\libgcc.a(_thenan_sf.o)
 .bss           0x00800332        0x0 c:/development/imt_sdk_win_64/winavr/bin/../lib/gcc/avr/4.3.3/avr5\libgcc.a(_usi_to_sf.o)
 .bss           0x00800332        0x0 c:/development/imt_sdk_win_64/winavr/bin/../lib/gcc/avr/4.3.3/avr5\libgcc.a(_prologue.o)
 .bss           0x00800332        0x0 c:/development/imt_sdk_win_64/winavr/bin/../lib/gcc/avr/4.3.3/avr5\libgcc.a(_epilogue.o)
 .bss           0x00800332        0x0 c:/development/imt_sdk_win_64/winavr/bin/../lib/gcc/avr/4.3.3/avr5\libgcc.a(_clzsi2.o)
 .bss           0x00800332        0x0 c:/development/imt_sdk_win_64/winavr/bin/../lib/gcc/avr/4.3.3/avr5\libgcc.a(_pack_sf.o)
 .bss           0x00800332        0x0 c:/development/imt_sdk_win_64/winavr/bin/../lib/gcc/avr/4.3.3/avr5\libgcc.a(_unpack_sf.o)
 .bss           0x00800332        0x0 c:/development/imt_sdk_win_64/winavr/bin/../lib/gcc/avr/4.3.3/avr5\libgcc.a(_fpcmp_parts_sf.o)
 .bss           0x00800332        0x0 c:/development/imt_sdk_win_64/winavr/bin/../lib/gcc/avr/4.3.3/avr5\libgcc.a(_clz.o)
 .bss           0x00800332        0x0 c:/development/imt_sdk_win_64/winavr/bin/../lib/gcc/avr/4.3.3/../../../../avr/lib/avr5\libc.a(snprintf.o)
 .bss           0x00800332        0x0 c:/development/imt_sdk_win_64/winavr/bin/../lib/gcc/avr/4.3.3/../../../../avr/lib/avr5\libc.a(vfprintf_std.o)
 .bss           0x00800332        0x0 c:/development/imt_sdk_win_64/winavr/bin/../lib/gcc/avr/4.3.3/../../../../avr/lib/avr5\libc.a(strnlen_P.o)
 .bss           0x00800332        0x0 c:/development/imt_sdk_win_64/winavr/bin/../lib/gcc/avr/4.3.3/../../../../avr/lib/avr5\libc.a(strnlen.o)
 .bss           0x00800332        0x0 c:/development/imt_sdk_win_64/winavr/bin/../lib/gcc/avr/4.3.3/../../../../avr/lib/avr5\libc.a(fputc.o)
 .bss           0x00800332        0x0 c:/development/imt_sdk_win_64/winavr/bin/../lib/gcc/avr/4.3.3/../../../../avr/lib/avr5\libc.a(ultoa_invert.o)
 *(.bss*)
 .bss.ISR_UAST_RX_CBF
                0x00800332        0x2 ./MCAL/UART/UART_program.o
                0x00800332                ISR_UAST_RX_CBF
 .bss.G_TIMER0_OVF_CBF
                0x00800334        0x2 ./MCAL/GPT/GPT_program.o
 .bss.G_TIMER0_CTC_CBF
                0x00800336        0x2 ./MCAL/GPT/GPT_program.o
 .bss.G_TIMER1_CTCA_CBF
                0x00800338        0x2 ./MCAL/GPT/GPT_program.o
 .bss.ptrFunc_Int0CallBack
                0x0080033a        0x2 ./MCAL/External_Interrupt/EXT_INT_Program.o
 .bss.ptrFunc_Int1CallBack
                0x0080033c        0x2 ./MCAL/External_Interrupt/EXT_INT_Program.o
 .bss.ptrFunc_Int2CallBack
                0x0080033e        0x2 ./MCAL/External_Interrupt/EXT_INT_Program.o
 .bss.Global_pADC_ISR
                0x00800340        0x2 ./MCAL/ADC/ADC_program.o
 .bss.ADC_CURR_CHANNEL_IDX
                0x00800342        0x1 ./MCAL/ADC/ADC_program.o
 .bss.ADC_CHANNELS_RESULT
                0x00800343       0x10 ./MCAL/ADC/ADC_program.o
 .bss.MainDoorStat
                0x00800353        0x1 ./APP/master.o
                0x00800353                MainDoorStat
 .bss.LDR_stat  0x00800354        0x1 ./APP/master.o
                0x00800354                LDR_stat
 *(COMMON)
                0x00800355                PROVIDE (__bss_end, .)
                0x0000624c                __data_load_start = LOADADDR (.data)
                0x0000651e                __data_load_end = (__data_load_start + SIZEOF (.data))

.noinit         0x00800355        0x0
                0x00800355                PROVIDE (__noinit_start, .)
 *(.noinit*)
                0x00800355                PROVIDE (__noinit_end, .)
                0x00800355                _end = .
                0x00800355                PROVIDE (__heap_start, .)

.eeprom         0x00810000        0x0
 *(.eeprom*)
                0x00810000                __eeprom_end = .

.fuse
 *(.fuse)
 *(.lfuse)
 *(.hfuse)
 *(.efuse)

.lock
 *(.lock*)

.signature
 *(.signature*)

.stab           0x00000000     0x5ae4
 *(.stab)
 .stab          0x00000000      0x3d8 ./MCAL/UART/UART_program.o
 .stab          0x000003d8      0x3e4 ./MCAL/IntEEPROM/intEEPROM_program.o
                                0x3f0 (size before relaxing)
 .stab          0x000007bc      0x4d4 ./MCAL/GPT/GPT_program.o
                                0x4e0 (size before relaxing)
 .stab          0x00000c90      0x414 ./MCAL/External_Interrupt/EXT_INT_Program.o
                                0x420 (size before relaxing)
 .stab          0x000010a4      0x648 ./MCAL/DIO/DIO_Program.o
                                0x654 (size before relaxing)
 .stab          0x000016ec      0x39c ./MCAL/ADC/ADC_program.o
                                0x3a8 (size before relaxing)
 .stab          0x00001a88      0xd98 ./HAL/Stepper_Motor/StepperMotor_Program.o
                                0xda4 (size before relaxing)
 .stab          0x00002820      0x504 ./HAL/Led/Led_Program.o
                                0x510 (size before relaxing)
 .stab          0x00002d24      0x2a0 ./HAL/LDR/LDR_program.o
                                0x2ac (size before relaxing)
 .stab          0x00002fc4      0xfc0 ./HAL/LCD/LCD_progam.o
                               0x1158 (size before relaxing)
 .stab          0x00003f84      0x318 ./HAL/Keypad/KPD_program.o
                                0x324 (size before relaxing)
 .stab          0x0000429c      0x81c ./APP/Master_private.o
                                0x9b4 (size before relaxing)
 .stab          0x00004ab8     0x102c ./APP/master.o
                               0x126c (size before relaxing)

.stabstr        0x00000000     0x29c8
 *(.stabstr)
 .stabstr       0x00000000     0x29c8 ./MCAL/UART/UART_program.o

.stab.excl
 *(.stab.excl)

.stab.exclstr
 *(.stab.exclstr)

.stab.index
 *(.stab.index)

.stab.indexstr
 *(.stab.indexstr)

.comment
 *(.comment)

.debug
 *(.debug)

.line
 *(.line)

.debug_srcinfo
 *(.debug_srcinfo)

.debug_sfnames
 *(.debug_sfnames)

.debug_aranges  0x00000000      0x1c0
 *(.debug_aranges)
 .debug_aranges
                0x00000000       0x20 c:/development/imt_sdk_win_64/winavr/bin/../lib/gcc/avr/4.3.3/avr5\libgcc.a(_fixunssfsi.o)
 .debug_aranges
                0x00000020       0x20 c:/development/imt_sdk_win_64/winavr/bin/../lib/gcc/avr/4.3.3/avr5\libgcc.a(_addsub_sf.o)
 .debug_aranges
                0x00000040       0x20 c:/development/imt_sdk_win_64/winavr/bin/../lib/gcc/avr/4.3.3/avr5\libgcc.a(_mul_sf.o)
 .debug_aranges
                0x00000060       0x20 c:/development/imt_sdk_win_64/winavr/bin/../lib/gcc/avr/4.3.3/avr5\libgcc.a(_div_sf.o)
 .debug_aranges
                0x00000080       0x20 c:/development/imt_sdk_win_64/winavr/bin/../lib/gcc/avr/4.3.3/avr5\libgcc.a(_gt_sf.o)
 .debug_aranges
                0x000000a0       0x20 c:/development/imt_sdk_win_64/winavr/bin/../lib/gcc/avr/4.3.3/avr5\libgcc.a(_ge_sf.o)
 .debug_aranges
                0x000000c0       0x20 c:/development/imt_sdk_win_64/winavr/bin/../lib/gcc/avr/4.3.3/avr5\libgcc.a(_lt_sf.o)
 .debug_aranges
                0x000000e0       0x20 c:/development/imt_sdk_win_64/winavr/bin/../lib/gcc/avr/4.3.3/avr5\libgcc.a(_si_to_sf.o)
 .debug_aranges
                0x00000100       0x20 c:/development/imt_sdk_win_64/winavr/bin/../lib/gcc/avr/4.3.3/avr5\libgcc.a(_sf_to_si.o)
 .debug_aranges
                0x00000120       0x20 c:/development/imt_sdk_win_64/winavr/bin/../lib/gcc/avr/4.3.3/avr5\libgcc.a(_usi_to_sf.o)
 .debug_aranges
                0x00000140       0x20 c:/development/imt_sdk_win_64/winavr/bin/../lib/gcc/avr/4.3.3/avr5\libgcc.a(_clzsi2.o)
 .debug_aranges
                0x00000160       0x20 c:/development/imt_sdk_win_64/winavr/bin/../lib/gcc/avr/4.3.3/avr5\libgcc.a(_pack_sf.o)
 .debug_aranges
                0x00000180       0x20 c:/development/imt_sdk_win_64/winavr/bin/../lib/gcc/avr/4.3.3/avr5\libgcc.a(_unpack_sf.o)
 .debug_aranges
                0x000001a0       0x20 c:/development/imt_sdk_win_64/winavr/bin/../lib/gcc/avr/4.3.3/avr5\libgcc.a(_fpcmp_parts_sf.o)

.debug_pubnames
                0x00000000      0x214
 *(.debug_pubnames)
 .debug_pubnames
                0x00000000       0x23 c:/development/imt_sdk_win_64/winavr/bin/../lib/gcc/avr/4.3.3/avr5\libgcc.a(_fixunssfsi.o)
 .debug_pubnames
                0x00000023       0x2c c:/development/imt_sdk_win_64/winavr/bin/../lib/gcc/avr/4.3.3/avr5\libgcc.a(_addsub_sf.o)
 .debug_pubnames
                0x0000004f       0x1f c:/development/imt_sdk_win_64/winavr/bin/../lib/gcc/avr/4.3.3/avr5\libgcc.a(_mul_sf.o)
 .debug_pubnames
                0x0000006e       0x1f c:/development/imt_sdk_win_64/winavr/bin/../lib/gcc/avr/4.3.3/avr5\libgcc.a(_div_sf.o)
 .debug_pubnames
                0x0000008d       0x1e c:/development/imt_sdk_win_64/winavr/bin/../lib/gcc/avr/4.3.3/avr5\libgcc.a(_gt_sf.o)
 .debug_pubnames
                0x000000ab       0x1e c:/development/imt_sdk_win_64/winavr/bin/../lib/gcc/avr/4.3.3/avr5\libgcc.a(_ge_sf.o)
 .debug_pubnames
                0x000000c9       0x1e c:/development/imt_sdk_win_64/winavr/bin/../lib/gcc/avr/4.3.3/avr5\libgcc.a(_lt_sf.o)
 .debug_pubnames
                0x000000e7       0x22 c:/development/imt_sdk_win_64/winavr/bin/../lib/gcc/avr/4.3.3/avr5\libgcc.a(_si_to_sf.o)
 .debug_pubnames
                0x00000109       0x20 c:/development/imt_sdk_win_64/winavr/bin/../lib/gcc/avr/4.3.3/avr5\libgcc.a(_sf_to_si.o)
 .debug_pubnames
                0x00000129       0x22 c:/development/imt_sdk_win_64/winavr/bin/../lib/gcc/avr/4.3.3/avr5\libgcc.a(_thenan_sf.o)
 .debug_pubnames
                0x0000014b       0x24 c:/development/imt_sdk_win_64/winavr/bin/../lib/gcc/avr/4.3.3/avr5\libgcc.a(_usi_to_sf.o)
 .debug_pubnames
                0x0000016f       0x1f c:/development/imt_sdk_win_64/winavr/bin/../lib/gcc/avr/4.3.3/avr5\libgcc.a(_clzsi2.o)
 .debug_pubnames
                0x0000018e       0x1f c:/development/imt_sdk_win_64/winavr/bin/../lib/gcc/avr/4.3.3/avr5\libgcc.a(_pack_sf.o)
 .debug_pubnames
                0x000001ad       0x21 c:/development/imt_sdk_win_64/winavr/bin/../lib/gcc/avr/4.3.3/avr5\libgcc.a(_unpack_sf.o)
 .debug_pubnames
                0x000001ce       0x26 c:/development/imt_sdk_win_64/winavr/bin/../lib/gcc/avr/4.3.3/avr5\libgcc.a(_fpcmp_parts_sf.o)
 .debug_pubnames
                0x000001f4       0x20 c:/development/imt_sdk_win_64/winavr/bin/../lib/gcc/avr/4.3.3/avr5\libgcc.a(_clz.o)

.debug_info     0x00000000     0x2612
 *(.debug_info)
 .debug_info    0x00000000       0xb1 c:/development/imt_sdk_win_64/winavr/bin/../lib/gcc/avr/4.3.3/avr5\libgcc.a(_fixunssfsi.o)
 .debug_info    0x000000b1      0x47a c:/development/imt_sdk_win_64/winavr/bin/../lib/gcc/avr/4.3.3/avr5\libgcc.a(_addsub_sf.o)
 .debug_info    0x0000052b      0x485 c:/development/imt_sdk_win_64/winavr/bin/../lib/gcc/avr/4.3.3/avr5\libgcc.a(_mul_sf.o)
 .debug_info    0x000009b0      0x3fc c:/development/imt_sdk_win_64/winavr/bin/../lib/gcc/avr/4.3.3/avr5\libgcc.a(_div_sf.o)
 .debug_info    0x00000dac      0x27f c:/development/imt_sdk_win_64/winavr/bin/../lib/gcc/avr/4.3.3/avr5\libgcc.a(_gt_sf.o)
 .debug_info    0x0000102b      0x27f c:/development/imt_sdk_win_64/winavr/bin/../lib/gcc/avr/4.3.3/avr5\libgcc.a(_ge_sf.o)
 .debug_info    0x000012aa      0x27f c:/development/imt_sdk_win_64/winavr/bin/../lib/gcc/avr/4.3.3/avr5\libgcc.a(_lt_sf.o)
 .debug_info    0x00001529      0x207 c:/development/imt_sdk_win_64/winavr/bin/../lib/gcc/avr/4.3.3/avr5\libgcc.a(_si_to_sf.o)
 .debug_info    0x00001730      0x2b0 c:/development/imt_sdk_win_64/winavr/bin/../lib/gcc/avr/4.3.3/avr5\libgcc.a(_sf_to_si.o)
 .debug_info    0x000019e0      0x12c c:/development/imt_sdk_win_64/winavr/bin/../lib/gcc/avr/4.3.3/avr5\libgcc.a(_thenan_sf.o)
 .debug_info    0x00001b0c      0x206 c:/development/imt_sdk_win_64/winavr/bin/../lib/gcc/avr/4.3.3/avr5\libgcc.a(_usi_to_sf.o)
 .debug_info    0x00001d12      0x117 c:/development/imt_sdk_win_64/winavr/bin/../lib/gcc/avr/4.3.3/avr5\libgcc.a(_clzsi2.o)
 .debug_info    0x00001e29      0x2df c:/development/imt_sdk_win_64/winavr/bin/../lib/gcc/avr/4.3.3/avr5\libgcc.a(_pack_sf.o)
 .debug_info    0x00002108      0x251 c:/development/imt_sdk_win_64/winavr/bin/../lib/gcc/avr/4.3.3/avr5\libgcc.a(_unpack_sf.o)
 .debug_info    0x00002359      0x210 c:/development/imt_sdk_win_64/winavr/bin/../lib/gcc/avr/4.3.3/avr5\libgcc.a(_fpcmp_parts_sf.o)
 .debug_info    0x00002569       0xa9 c:/development/imt_sdk_win_64/winavr/bin/../lib/gcc/avr/4.3.3/avr5\libgcc.a(_clz.o)
 *(.gnu.linkonce.wi.*)

.debug_abbrev   0x00000000     0x14ce
 *(.debug_abbrev)
 .debug_abbrev  0x00000000       0x5d c:/development/imt_sdk_win_64/winavr/bin/../lib/gcc/avr/4.3.3/avr5\libgcc.a(_fixunssfsi.o)
 .debug_abbrev  0x0000005d      0x1ea c:/development/imt_sdk_win_64/winavr/bin/../lib/gcc/avr/4.3.3/avr5\libgcc.a(_addsub_sf.o)
 .debug_abbrev  0x00000247      0x21b c:/development/imt_sdk_win_64/winavr/bin/../lib/gcc/avr/4.3.3/avr5\libgcc.a(_mul_sf.o)
 .debug_abbrev  0x00000462      0x216 c:/development/imt_sdk_win_64/winavr/bin/../lib/gcc/avr/4.3.3/avr5\libgcc.a(_div_sf.o)
 .debug_abbrev  0x00000678      0x15a c:/development/imt_sdk_win_64/winavr/bin/../lib/gcc/avr/4.3.3/avr5\libgcc.a(_gt_sf.o)
 .debug_abbrev  0x000007d2      0x15a c:/development/imt_sdk_win_64/winavr/bin/../lib/gcc/avr/4.3.3/avr5\libgcc.a(_ge_sf.o)
 .debug_abbrev  0x0000092c      0x15a c:/development/imt_sdk_win_64/winavr/bin/../lib/gcc/avr/4.3.3/avr5\libgcc.a(_lt_sf.o)
 .debug_abbrev  0x00000a86      0x148 c:/development/imt_sdk_win_64/winavr/bin/../lib/gcc/avr/4.3.3/avr5\libgcc.a(_si_to_sf.o)
 .debug_abbrev  0x00000bce      0x17f c:/development/imt_sdk_win_64/winavr/bin/../lib/gcc/avr/4.3.3/avr5\libgcc.a(_sf_to_si.o)
 .debug_abbrev  0x00000d4d       0xad c:/development/imt_sdk_win_64/winavr/bin/../lib/gcc/avr/4.3.3/avr5\libgcc.a(_thenan_sf.o)
 .debug_abbrev  0x00000dfa      0x157 c:/development/imt_sdk_win_64/winavr/bin/../lib/gcc/avr/4.3.3/avr5\libgcc.a(_usi_to_sf.o)
 .debug_abbrev  0x00000f51       0xc4 c:/development/imt_sdk_win_64/winavr/bin/../lib/gcc/avr/4.3.3/avr5\libgcc.a(_clzsi2.o)
 .debug_abbrev  0x00001015      0x1c0 c:/development/imt_sdk_win_64/winavr/bin/../lib/gcc/avr/4.3.3/avr5\libgcc.a(_pack_sf.o)
 .debug_abbrev  0x000011d5      0x154 c:/development/imt_sdk_win_64/winavr/bin/../lib/gcc/avr/4.3.3/avr5\libgcc.a(_unpack_sf.o)
 .debug_abbrev  0x00001329      0x13b c:/development/imt_sdk_win_64/winavr/bin/../lib/gcc/avr/4.3.3/avr5\libgcc.a(_fpcmp_parts_sf.o)
 .debug_abbrev  0x00001464       0x6a c:/development/imt_sdk_win_64/winavr/bin/../lib/gcc/avr/4.3.3/avr5\libgcc.a(_clz.o)

.debug_line     0x00000000     0x130b
 *(.debug_line)
 .debug_line    0x00000000       0xa7 c:/development/imt_sdk_win_64/winavr/bin/../lib/gcc/avr/4.3.3/avr5\libgcc.a(_fixunssfsi.o)
 .debug_line    0x000000a7      0x2af c:/development/imt_sdk_win_64/winavr/bin/../lib/gcc/avr/4.3.3/avr5\libgcc.a(_addsub_sf.o)
 .debug_line    0x00000356      0x239 c:/development/imt_sdk_win_64/winavr/bin/../lib/gcc/avr/4.3.3/avr5\libgcc.a(_mul_sf.o)
 .debug_line    0x0000058f      0x1d5 c:/development/imt_sdk_win_64/winavr/bin/../lib/gcc/avr/4.3.3/avr5\libgcc.a(_div_sf.o)
 .debug_line    0x00000764       0xd3 c:/development/imt_sdk_win_64/winavr/bin/../lib/gcc/avr/4.3.3/avr5\libgcc.a(_gt_sf.o)
 .debug_line    0x00000837       0xd3 c:/development/imt_sdk_win_64/winavr/bin/../lib/gcc/avr/4.3.3/avr5\libgcc.a(_ge_sf.o)
 .debug_line    0x0000090a       0xd3 c:/development/imt_sdk_win_64/winavr/bin/../lib/gcc/avr/4.3.3/avr5\libgcc.a(_lt_sf.o)
 .debug_line    0x000009dd      0x135 c:/development/imt_sdk_win_64/winavr/bin/../lib/gcc/avr/4.3.3/avr5\libgcc.a(_si_to_sf.o)
 .debug_line    0x00000b12      0x109 c:/development/imt_sdk_win_64/winavr/bin/../lib/gcc/avr/4.3.3/avr5\libgcc.a(_sf_to_si.o)
 .debug_line    0x00000c1b       0x90 c:/development/imt_sdk_win_64/winavr/bin/../lib/gcc/avr/4.3.3/avr5\libgcc.a(_thenan_sf.o)
 .debug_line    0x00000cab      0x133 c:/development/imt_sdk_win_64/winavr/bin/../lib/gcc/avr/4.3.3/avr5\libgcc.a(_usi_to_sf.o)
 .debug_line    0x00000dde       0xa5 c:/development/imt_sdk_win_64/winavr/bin/../lib/gcc/avr/4.3.3/avr5\libgcc.a(_clzsi2.o)
 .debug_line    0x00000e83      0x18a c:/development/imt_sdk_win_64/winavr/bin/../lib/gcc/avr/4.3.3/avr5\libgcc.a(_pack_sf.o)
 .debug_line    0x0000100d      0x14b c:/development/imt_sdk_win_64/winavr/bin/../lib/gcc/avr/4.3.3/avr5\libgcc.a(_unpack_sf.o)
 .debug_line    0x00001158      0x137 c:/development/imt_sdk_win_64/winavr/bin/../lib/gcc/avr/4.3.3/avr5\libgcc.a(_fpcmp_parts_sf.o)
 .debug_line    0x0000128f       0x7c c:/development/imt_sdk_win_64/winavr/bin/../lib/gcc/avr/4.3.3/avr5\libgcc.a(_clz.o)

.debug_frame    0x00000000      0x1e0
 *(.debug_frame)
 .debug_frame   0x00000000       0x20 c:/development/imt_sdk_win_64/winavr/bin/../lib/gcc/avr/4.3.3/avr5\libgcc.a(_fixunssfsi.o)
 .debug_frame   0x00000020       0x40 c:/development/imt_sdk_win_64/winavr/bin/../lib/gcc/avr/4.3.3/avr5\libgcc.a(_addsub_sf.o)
 .debug_frame   0x00000060       0x20 c:/development/imt_sdk_win_64/winavr/bin/../lib/gcc/avr/4.3.3/avr5\libgcc.a(_mul_sf.o)
 .debug_frame   0x00000080       0x20 c:/development/imt_sdk_win_64/winavr/bin/../lib/gcc/avr/4.3.3/avr5\libgcc.a(_div_sf.o)
 .debug_frame   0x000000a0       0x20 c:/development/imt_sdk_win_64/winavr/bin/../lib/gcc/avr/4.3.3/avr5\libgcc.a(_gt_sf.o)
 .debug_frame   0x000000c0       0x20 c:/development/imt_sdk_win_64/winavr/bin/../lib/gcc/avr/4.3.3/avr5\libgcc.a(_ge_sf.o)
 .debug_frame   0x000000e0       0x20 c:/development/imt_sdk_win_64/winavr/bin/../lib/gcc/avr/4.3.3/avr5\libgcc.a(_lt_sf.o)
 .debug_frame   0x00000100       0x20 c:/development/imt_sdk_win_64/winavr/bin/../lib/gcc/avr/4.3.3/avr5\libgcc.a(_si_to_sf.o)
 .debug_frame   0x00000120       0x20 c:/development/imt_sdk_win_64/winavr/bin/../lib/gcc/avr/4.3.3/avr5\libgcc.a(_sf_to_si.o)
 .debug_frame   0x00000140       0x20 c:/development/imt_sdk_win_64/winavr/bin/../lib/gcc/avr/4.3.3/avr5\libgcc.a(_usi_to_sf.o)
 .debug_frame   0x00000160       0x20 c:/development/imt_sdk_win_64/winavr/bin/../lib/gcc/avr/4.3.3/avr5\libgcc.a(_clzsi2.o)
 .debug_frame   0x00000180       0x20 c:/development/imt_sdk_win_64/winavr/bin/../lib/gcc/avr/4.3.3/avr5\libgcc.a(_pack_sf.o)
 .debug_frame   0x000001a0       0x20 c:/development/imt_sdk_win_64/winavr/bin/../lib/gcc/avr/4.3.3/avr5\libgcc.a(_unpack_sf.o)
 .debug_frame   0x000001c0       0x20 c:/development/imt_sdk_win_64/winavr/bin/../lib/gcc/avr/4.3.3/avr5\libgcc.a(_fpcmp_parts_sf.o)

.debug_str      0x00000000      0x307
 *(.debug_str)
 .debug_str     0x00000000       0xbf c:/development/imt_sdk_win_64/winavr/bin/../lib/gcc/avr/4.3.3/avr5\libgcc.a(_fixunssfsi.o)
                                 0xfe (size before relaxing)
 .debug_str     0x000000bf      0x14d c:/development/imt_sdk_win_64/winavr/bin/../lib/gcc/avr/4.3.3/avr5\libgcc.a(_addsub_sf.o)
                                0x206 (size before relaxing)
 .debug_str     0x0000020c       0x27 c:/development/imt_sdk_win_64/winavr/bin/../lib/gcc/avr/4.3.3/avr5\libgcc.a(_mul_sf.o)
                                0x1bf (size before relaxing)
 .debug_str     0x00000233       0x35 c:/development/imt_sdk_win_64/winavr/bin/../lib/gcc/avr/4.3.3/avr5\libgcc.a(_div_sf.o)
                                0x1c8 (size before relaxing)
 .debug_str     0x00000268        0x8 c:/development/imt_sdk_win_64/winavr/bin/../lib/gcc/avr/4.3.3/avr5\libgcc.a(_gt_sf.o)
                                0x195 (size before relaxing)
 .debug_str     0x00000270        0x8 c:/development/imt_sdk_win_64/winavr/bin/../lib/gcc/avr/4.3.3/avr5\libgcc.a(_ge_sf.o)
                                0x195 (size before relaxing)
 .debug_str     0x00000278        0x8 c:/development/imt_sdk_win_64/winavr/bin/../lib/gcc/avr/4.3.3/avr5\libgcc.a(_lt_sf.o)
                                0x195 (size before relaxing)
 .debug_str     0x00000280       0x1e c:/development/imt_sdk_win_64/winavr/bin/../lib/gcc/avr/4.3.3/avr5\libgcc.a(_si_to_sf.o)
                                0x17b (size before relaxing)
 .debug_str     0x0000029e        0xa c:/development/imt_sdk_win_64/winavr/bin/../lib/gcc/avr/4.3.3/avr5\libgcc.a(_sf_to_si.o)
                                0x19e (size before relaxing)
 .debug_str     0x00000000      0x103 c:/development/imt_sdk_win_64/winavr/bin/../lib/gcc/avr/4.3.3/avr5\libgcc.a(_thenan_sf.o)
 .debug_str     0x000002a8       0x14 c:/development/imt_sdk_win_64/winavr/bin/../lib/gcc/avr/4.3.3/avr5\libgcc.a(_usi_to_sf.o)
                                0x177 (size before relaxing)
 .debug_str     0x000002bc       0x20 c:/development/imt_sdk_win_64/winavr/bin/../lib/gcc/avr/4.3.3/avr5\libgcc.a(_clzsi2.o)
                                0x111 (size before relaxing)
 .debug_str     0x000002dc       0x10 c:/development/imt_sdk_win_64/winavr/bin/../lib/gcc/avr/4.3.3/avr5\libgcc.a(_pack_sf.o)
                                0x19d (size before relaxing)
 .debug_str     0x000002ec        0xb c:/development/imt_sdk_win_64/winavr/bin/../lib/gcc/avr/4.3.3/avr5\libgcc.a(_unpack_sf.o)
                                0x17f (size before relaxing)
 .debug_str     0x000002f7       0x10 c:/development/imt_sdk_win_64/winavr/bin/../lib/gcc/avr/4.3.3/avr5\libgcc.a(_fpcmp_parts_sf.o)
                                0x163 (size before relaxing)
 .debug_str     0x00000000       0xf4 c:/development/imt_sdk_win_64/winavr/bin/../lib/gcc/avr/4.3.3/avr5\libgcc.a(_clz.o)

.debug_loc      0x00000000      0xa1a
 *(.debug_loc)
 .debug_loc     0x00000000       0x34 c:/development/imt_sdk_win_64/winavr/bin/../lib/gcc/avr/4.3.3/avr5\libgcc.a(_fixunssfsi.o)
 .debug_loc     0x00000034      0x32a c:/development/imt_sdk_win_64/winavr/bin/../lib/gcc/avr/4.3.3/avr5\libgcc.a(_addsub_sf.o)
 .debug_loc     0x0000035e      0x104 c:/development/imt_sdk_win_64/winavr/bin/../lib/gcc/avr/4.3.3/avr5\libgcc.a(_mul_sf.o)
 .debug_loc     0x00000462       0xc0 c:/development/imt_sdk_win_64/winavr/bin/../lib/gcc/avr/4.3.3/avr5\libgcc.a(_div_sf.o)
 .debug_loc     0x00000522       0x3c c:/development/imt_sdk_win_64/winavr/bin/../lib/gcc/avr/4.3.3/avr5\libgcc.a(_gt_sf.o)
 .debug_loc     0x0000055e       0x3c c:/development/imt_sdk_win_64/winavr/bin/../lib/gcc/avr/4.3.3/avr5\libgcc.a(_ge_sf.o)
 .debug_loc     0x0000059a       0x3c c:/development/imt_sdk_win_64/winavr/bin/../lib/gcc/avr/4.3.3/avr5\libgcc.a(_lt_sf.o)
 .debug_loc     0x000005d6       0xac c:/development/imt_sdk_win_64/winavr/bin/../lib/gcc/avr/4.3.3/avr5\libgcc.a(_si_to_sf.o)
 .debug_loc     0x00000682       0x7e c:/development/imt_sdk_win_64/winavr/bin/../lib/gcc/avr/4.3.3/avr5\libgcc.a(_sf_to_si.o)
 .debug_loc     0x00000700       0x4c c:/development/imt_sdk_win_64/winavr/bin/../lib/gcc/avr/4.3.3/avr5\libgcc.a(_usi_to_sf.o)
 .debug_loc     0x0000074c       0x94 c:/development/imt_sdk_win_64/winavr/bin/../lib/gcc/avr/4.3.3/avr5\libgcc.a(_clzsi2.o)
 .debug_loc     0x000007e0      0x13e c:/development/imt_sdk_win_64/winavr/bin/../lib/gcc/avr/4.3.3/avr5\libgcc.a(_pack_sf.o)
 .debug_loc     0x0000091e       0xac c:/development/imt_sdk_win_64/winavr/bin/../lib/gcc/avr/4.3.3/avr5\libgcc.a(_unpack_sf.o)
 .debug_loc     0x000009ca       0x50 c:/development/imt_sdk_win_64/winavr/bin/../lib/gcc/avr/4.3.3/avr5\libgcc.a(_fpcmp_parts_sf.o)

.debug_macinfo
 *(.debug_macinfo)
OUTPUT(Master.elf elf32-avr)
LOAD linker stubs

.debug_ranges   0x00000000       0x50
 .debug_ranges  0x00000000       0x50 c:/development/imt_sdk_win_64/winavr/bin/../lib/gcc/avr/4.3.3/avr5\libgcc.a(_mul_sf.o)
